YES 1992
YES 736
NO
YES 7206
YES 3316
YES 1676
YES 2293
NO
NO
NO 274