112
36
impossible
0
impossible
8
impossible
impossible
143
impossible
0
8