16
1285
205
1
23130
4527
8972
8608
951425
485401

