897862140
1786743000
87886890
4316041464
2765433888
16470300
43711662654
482681472
13668815160
6134688000